===== Flutter 版本 =====
Flutter 3.47.6 • channel stable • https://github.com/flutter/flutter.git
Framework • revision 5fc346839b (9 days ago) • 2026-09-30 15:02:49 -0700
Engine • hash b8c8d3d8d5d0095127057f8a29ca8cc53da2167c (revision 692136cb65) (10 days ago) • 2026-09-30 00:56:59.000Z
Tools • Dart 3.13.5 • DevTools 2.60.0
===== ANDROID_SDK_ROOT ===== /usr/local/lib/android/sdk
===== 已装 NDK =====
27.3.13750724
28.2.13676358
29.0.14206865
30.0.16248370
===== 已装 Android Platform =====
android-34
android-34-ext10
android-34-ext11
android-34-ext12
android-34-ext8
android-35
android-35-ext14
android-35-ext15
android-36
android-36-ext18
android-36-ext19
android-36.1
android-37.0
android-37.1
android-37.2
android-37.2-beta1
android-37.2-beta2
android-37.2-beta3
===== Android 构建脚本 =====
android/app/build.gradle.kts
plugins {
    id("com.android.application")
    // The Flutter Gradle Plugin must be applied after the Android and Kotlin Gradle plugins.
    id("dev.flutter.flutter-gradle-plugin")
}

android {
    packagingOptions {
        jniLibs {
            useLegacyPackaging = true
        }
    }

    namespace = "com.yinchenglu.studyhub"
    compileSdk = flutter.compileSdkVersion
    ndkVersion = flutter.ndkVersion

    compileOptions {
        sourceCompatibility = JavaVersion.VERSION_17
        targetCompatibility = JavaVersion.VERSION_17
    }

    defaultConfig {
        // TODO: Specify your own unique Application ID (https://developer.android.com/studio/build/application-id.html).
        applicationId = "com.yinchenglu.studyhub"
        // You can update the following values to match your application needs.
        // For more information, see: https://flutter.dev/to/review-gradle-config.
        minSdk = maxOf(flutter.minSdkVersion, 24) /* MIN_SDK_BUMP_24 */
        targetSdk = flutter.targetSdkVersion
        // Uses the version code from pubspec.yaml. When using split APKs, 1000 * ABI_VERSION
        // is added automatically by Flutter. (https://developer.android.com/studio/build/configure-apk-splits#configure-APK-versions)
        // You can force using the value of versionCode by specifying the `-P force-version-code-ignoring-abi=true`
        // flag during build.
        versionCode = flutter.versionCode
        versionName = flutter.versionName
    }

    buildTypes {
        release {
            // TODO: Add your own signing config for the release build.
            // Signing with the debug keys for now, so `flutter run --release` works.
            signingConfig = signingConfigs.getByName("debug")
        }
    }
}

kotlin {
    compilerOptions {
        jvmTarget = org.jetbrains.kotlin.gradle.dsl.JvmTarget.JVM_17
    }
}

flutter {
    source = "../.."
}
===== settings 脚本 =====
pluginManagement {
    val flutterSdkPath =
        run {
            val properties = java.util.Properties()
            file("local.properties").inputStream().use { properties.load(it) }
            val flutterSdkPath = properties.getProperty("flutter.sdk")
            require(flutterSdkPath != null) { "flutter.sdk not set in local.properties" }
            flutterSdkPath
        }

    includeBuild("$flutterSdkPath/packages/flutter_tools/gradle")

    repositories {
        google()
        mavenCentral()
        gradlePluginPortal()
    }
}

plugins {
    id("dev.flutter.flutter-plugin-loader") version "1.0.0"
    id("com.android.application") version "9.1.0" apply false
    id("org.jetbrains.kotlin.android") version "2.4.0" apply false
}

include(":app")
===== gradle wrapper 版本 =====
distributionBase=GRADLE_USER_HOME
distributionPath=wrapper/dists
zipStoreBase=GRADLE_USER_HOME
zipStorePath=wrapper/dists
distributionUrl=https\://services.gradle.org/distributions/gradle-9.3.1-all.zip
===== 清单 =====
<?xml version="1.0" encoding="utf-8"?>
<!--
  学聚 App 的 Android 清单文件。
  用法：先用 flutter create 生成骨架，再用本文件覆盖 android/app/src/main/AndroidManifest.xml
-->
<manifest xmlns:android="http://schemas.android.com/apk/res/android"
    xmlns:tools="http://schemas.android.com/tools">

    <!-- 连接自己的 WebDAV 服务器：必需 -->
    <uses-permission android:name="android.permission.INTERNET" />
    <uses-permission android:name="android.permission.ACCESS_NETWORK_STATE" />

    <!-- 播放时不熄屏 -->
    <uses-permission android:name="android.permission.WAKE_LOCK" />

    <!-- 从相册选图上传到笔记（可选） -->
    <uses-permission android:name="android.permission.READ_MEDIA_IMAGES" />
    <uses-permission android:name="android.permission.READ_MEDIA_VIDEO" />
    <uses-permission android:name="android.permission.READ_EXTERNAL_STORAGE"
        android:maxSdkVersion="32" />
    <uses-permission android:name="android.permission.WRITE_EXTERNAL_STORAGE"
        android:maxSdkVersion="28" />

    <!-- 拍照插入笔记（可选） -->
    <uses-permission android:name="android.permission.CAMERA" />
    <uses-feature android:name="android.hardware.camera" android:required="false" />
    <!-- SOS 手电筒：控制闪光灯走的是 CameraManager.setTorchMode，需要 CAMERA 权限 -->
    <uses-permission android:name="android.permission.FLASHLIGHT" />
    <uses-feature android:name="android.hardware.camera.flash" android:required="false" />

    <!-- 噪声测量工具：读麦克风 -->
    <uses-permission android:name="android.permission.RECORD_AUDIO" />

    <!--
      应用管理工具：列出手机上已安装的应用、并提取安装包。
      Android 11+ 默认只能看到一部分应用，要完整列表必须声明 QUERY_ALL_PACKAGES。
      不想用这个工具的话可以删掉这一行（工具页会提示权限不足）。
    -->
    <uses-permission
        android:name="android.permission.QUERY_ALL_PACKAGES"
        tools:ignore="QueryAllPackagesPermission" />

    <!-- 下载完成提醒（可选） -->
    <uses-permission android:name="android.permission.POST_NOTIFICATIONS" />

    <!--
      把下载的文件存到自定义目录（例如系统「下载」目录）。
      Android 11+ 需要「所有文件访问权限」；Android 10 及以下走上面已有的读写存储权限。
      权限只在第一次下载时申请；如果不想给，可以在「设置 → 下载目录」改成应用专属目录。
    -->
    <uses-permission
        android:name="android.permission.MANAGE_EXTERNAL_STORAGE"
        tools:ignore="ScopedStorage" />

    <application
        android:label="学聚"
        android:name="${applicationName}"
        android:icon="@mipmap/ic_launcher"
        android:requestLegacyExternalStorage="true"
        android:usesCleartextTraffic="true">

        <!--
          usesCleartextTraffic=true：允许用 http:// 连自建服务器（群晖 5005 端口、chfs 默认都是 http）
          如果你只用 https，可以删掉这一行。

          注意：不要在这个清单里声明任何与「原生库解压」相关的属性。
          新版 AGP 会直接报错（packageRelease 任务失败），要求改由 Gradle 脚本设置
          jniLibs.useLegacyPackaging = true —— media_kit 的 libmpv 需要解压到文件系统才能加载。
          该设置已由工作流 / README 中的构建步骤写入 android/app/build.gradle.kts。
        -->

        <activity
            android:name=".MainActivity"
            android:exported="true"
            android:launchMode="singleTop"
            android:taskAffinity=""
            android:theme="@style/LaunchTheme"
            android:configChanges="orientation|keyboardHidden|keyboard|screenSize|smallestScreenSize|locale|layoutDirection|fontScale|screenLayout|density|uiMode"
            android:hardwareAccelerated="true"
            android:windowSoftInputMode="adjustResize">

            <meta-data
                android:name="io.flutter.embedding.android.NormalTheme"
                android:resource="@style/NormalTheme" />

            <intent-filter>
                <action android:name="android.intent.action.MAIN" />
                <category android:name="android.intent.category.LAUNCHER" />
            </intent-filter>
        </activity>

        <meta-data
            android:name="flutterEmbedding"
            android:value="2" />
    </application>

    <queries>
        <intent>
            <action android:name="android.intent.action.PROCESS_TEXT" />
            <data android:mimeType="text/plain" />
        </intent>
        <!-- 快递查询等工具要用浏览器打开 https 页面（Android 11+ 需要声明可见性） -->
        <intent>
            <action android:name="android.intent.action.VIEW" />
            <data android:scheme="https" />
        </intent>
        <intent>
            <action android:name="android.intent.action.VIEW" />
            <data android:scheme="http" />
        </intent>
    </queries>
</manifest>
