[✓] Flutter (Channel stable, 3.47.6, on Ubuntu 24.04.5 LTS 6.17.0-1022-azure, locale C.UTF-8) [33ms]
    • Flutter version 3.47.6 on channel stable at /opt/hostedtoolcache/flutter/stable-3.47.6-x64/flutter
    • Upstream repository https://github.com/flutter/flutter.git
    • Framework revision 5fc346839b (9 days ago), 2026-09-30 15:02:49 -0700
    • Engine revision 692136cb65
    • Dart version 3.13.5
    • DevTools version 2.60.0
    • Feature flags: enable-web, enable-linux-desktop, enable-macos-desktop, enable-windows-desktop, enable-android, enable-ios, cli-animations, enable-native-assets, enable-record-use, enable-swift-package-manager, omit-legacy-version-file, enable-lldb-debugging, enable-uiscene-migration

[!] Android toolchain - develop for Android devices (Android SDK version 37.0.0) [1,041ms]
    • Android SDK at /usr/local/lib/android/sdk
    • Emulator version unknown
    • Platform android-37.2-beta2, build-tools 37.0.0
    • ANDROID_HOME = /usr/local/lib/android/sdk
    • ANDROID_SDK_ROOT = /usr/local/lib/android/sdk
    • Java binary at: /opt/hostedtoolcache/Java_Temurin-Hotspot_jdk/17.0.20-1/x64/bin/java
      This JDK is specified by the JAVA_HOME environment variable.
      To manually set the JDK path, use: `flutter config --jdk-dir="path/to/jdk"`.
    • Java version OpenJDK Runtime Environment Temurin-17.0.20.1+1 (build 17.0.20.1+1)
    ! Some Android licenses not accepted. To resolve this, run: flutter doctor --android-licenses

[✓] Chrome - develop for the web [36ms]
    • Chrome at google-chrome

[✗] Linux toolchain - develop for Linux desktop [3.7s]
    • Ubuntu clang version 18.1.3 (1ubuntu1)
    • cmake version 3.31.6
    • ninja version 1.13.2
    • pkg-config version 1.8.1
    ✗ GTK 3.0 development libraries are required for Linux development.
      They are likely available from your distribution (e.g.: apt install libgtk-3-dev)
    ! Unable to access driver information using 'eglinfo'.
      It is likely available from your distribution (e.g.: apt install mesa-utils)

[✓] Connected device (2 available) [2.4s]
    • Linux (desktop) • linux  • linux-x64      • Ubuntu 24.04.5 LTS 6.17.0-1022-azure
    • Chrome (web)    • chrome • web-javascript • Google Chrome 154.0.8037.97

[✓] Network resources [250ms]
    • All expected network resources are available.

! Doctor found issues in 2 categories.
