Resolving dependencies...
Downloading packages...
+ archive 4.4.0
+ args 2.7.0
+ async 2.13.1
+ audio_streamer 5.0.0
+ barcode 2.2.9
+ bidi 2.0.13
+ cached_network_image 3.4.1 (4.0.4 available)
+ cached_network_image_platform_interface 4.1.1 (5.0.3 available)
+ cached_network_image_web 1.3.1 (2.0.3 available)
+ camera 0.12.1
+ camera_android_camerax 0.7.5+1
+ camera_avfoundation 0.10.3+1 (0.11.0 available)
+ camera_platform_interface 2.14.0
+ camera_web 0.3.5+6
+ characters 1.4.1
+ clock 1.1.3
+ code_assets 2.1.0
+ collection 1.19.1
+ convert 3.1.2
+ cross_file 0.3.5+5 (0.4.0 available)
+ crypto 3.0.7
+ dbus 0.7.15 (0.8.0 available)
! device_info_plus 12.4.0 (overridden) (13.3.0 available)
+ device_info_plus_platform_interface 7.0.3 (8.1.0 available)
+ dio 5.11.1
+ dio_web_adapter 2.2.2
+ ffi 2.2.0
+ file 7.0.1
+ file_selector_linux 0.9.4+1
+ file_selector_macos 0.9.5+1
+ file_selector_platform_interface 2.7.0
+ file_selector_windows 0.9.3+6
+ fixnum 1.1.1
+ flutter 0.0.0 from sdk flutter
+ flutter_cache_manager 3.4.5
+ flutter_colorpicker 1.1.0
+ flutter_device_apps 1.0.0
+ flutter_device_apps_android 1.0.0
+ flutter_device_apps_platform_interface 1.0.0
+ flutter_lints 4.0.0 (6.0.0 available)
+ flutter_localizations 0.0.0 from sdk flutter
+ flutter_markdown 0.7.7+1 (discontinued replaced by flutter_markdown_plus)
+ flutter_plugin_android_lifecycle 2.0.35
+ flutter_riverpod 2.6.1 (3.4.3 available)
+ flutter_secure_storage 9.2.4 (11.2.0 available)
+ flutter_secure_storage_linux 1.2.3 (3.0.3 available)
+ flutter_secure_storage_macos 3.1.3 (4.0.0 available)
+ flutter_secure_storage_platform_interface 1.1.2 (2.1.1 available)
+ flutter_secure_storage_web 1.2.1 (2.1.1 available)
+ flutter_secure_storage_windows 3.1.2 (4.2.2 available)
+ flutter_web_plugins 0.0.0 from sdk flutter
+ hooks 2.2.0
+ http 1.6.0
+ http_parser 4.1.2
+ image 4.10.2
+ image_picker 1.2.4
+ image_picker_android 0.8.13+25
+ image_picker_for_web 3.1.1
+ image_picker_ios 0.8.13+10
+ image_picker_linux 0.2.2
+ image_picker_macos 0.2.2+1
+ image_picker_platform_interface 2.11.2
+ image_picker_windows 0.2.2
+ intl 0.20.3
+ jni 1.1.0
+ jni_flutter 1.0.4+1
+ jni_util 1.0.0
+ js 0.6.7 (0.7.2 available)
+ lints 4.0.0 (6.1.0 available)
+ logging 1.3.0
+ markdown 7.3.1
+ material_color_utilities 0.13.0 (0.13.1 available)
+ media_kit 1.2.6
+ media_kit_libs_android_video 1.3.8
+ media_kit_video 1.3.1 (2.0.1 available)
+ meta 1.19.0
+ mime 2.1.0
+ noise_meter 6.0.0
+ objective_c 9.6.2
+ octo_image 2.1.2
+ package_config 3.0.0
+ package_info_plus 9.0.1 (10.2.2 available)
+ package_info_plus_platform_interface 3.2.1 (4.1.0 available)
+ path 1.9.1
+ path_parsing 1.1.0
+ path_provider 2.1.6
+ path_provider_android 2.3.1
+ path_provider_foundation 2.6.0
+ path_provider_linux 2.2.2
+ path_provider_platform_interface 2.1.3
+ path_provider_windows 2.3.0
+ pdf 3.13.1
+ permission_handler 11.4.0 (13.0.2 available)
+ permission_handler_android 12.1.0 (14.1.0 available)
+ permission_handler_apple 9.6.2
+ permission_handler_html 0.1.4+1
+ permission_handler_platform_interface 4.4.1
+ permission_handler_windows 0.2.2
+ petitparser 7.1.0
+ platform 3.2.0
+ plugin_platform_interface 2.1.8
+ posix 6.5.2
+ pub_semver 2.2.1
+ qr 3.0.2 (4.0.0 available)
+ qr_flutter 4.1.0
+ record_use 1.1.1
+ riverpod 2.6.1 (3.4.3 available)
+ rxdart 0.28.0
+ safe_local_storage 2.0.6
+ screen_brightness_android 2.1.6
+ screen_brightness_platform_interface 2.1.2
+ sensors_plus 7.1.1
+ sensors_plus_platform_interface 2.0.2
+ share_plus 12.0.2 (13.3.1 available)
+ share_plus_platform_interface 6.1.0 (7.2.0 available)
+ shared_preferences 2.5.6
+ shared_preferences_android 2.4.28
+ shared_preferences_foundation 2.5.7
+ shared_preferences_linux 2.4.1
+ shared_preferences_platform_interface 2.4.2
+ shared_preferences_web 2.4.3
+ shared_preferences_windows 2.4.1
+ sky_engine 0.0.0 from sdk flutter
+ source_span 1.10.2
+ sqflite 2.4.4+1
+ sqflite_android 2.4.4
+ sqflite_common 2.5.13+1
+ sqflite_darwin 2.4.4
+ sqflite_platform_interface 2.4.2
+ stack_trace 1.12.2
+ state_notifier 1.0.0
+ stream_transform 2.1.2
+ string_scanner 1.4.1
+ syncfusion_flutter_core 35.1.39
+ syncfusion_flutter_pdf 35.1.39
+ syncfusion_flutter_pdfviewer 35.1.39
+ syncfusion_flutter_signaturepad 35.1.39
+ syncfusion_pdfviewer_linux 35.1.39
+ syncfusion_pdfviewer_macos 35.1.39
+ syncfusion_pdfviewer_platform_interface 35.1.39
+ syncfusion_pdfviewer_web 35.1.39
+ syncfusion_pdfviewer_windows 35.1.39
+ synchronized 3.4.2
+ term_glyph 1.2.2
+ torch_light 2.0.0
+ typed_data 1.4.0
+ universal_platform 1.1.0
+ uri_parser 3.0.2
+ url_launcher 6.3.3
+ url_launcher_android 6.3.33
+ url_launcher_ios 6.4.2
+ url_launcher_linux 3.2.3
+ url_launcher_macos 3.2.6
+ url_launcher_platform_interface 2.3.2
+ url_launcher_web 2.4.3
+ url_launcher_windows 3.1.6
+ uuid 4.6.0
+ vector_math 2.4.3
+ volume_controller 3.7.1
+ wakelock_plus 1.5.2 (1.8.1 available)
+ wakelock_plus_platform_interface 1.7.0
+ web 1.1.1
+ webview_flutter 4.14.1
+ webview_flutter_android 4.14.1
+ webview_flutter_platform_interface 2.15.1
+ webview_flutter_wkwebview 3.27.0
+ win32 5.15.0 (6.4.0 available)
+ win32_registry 2.1.0 (3.0.3 available)
+ xdg_directories 1.1.0
+ xml 7.1.0
+ yaml 3.1.4
Changed 170 dependencies!
1 package is discontinued.
31 packages have newer versions incompatible with dependency constraints.
Try `flutter pub outdated` for more information.
Upgrading analysis_options.yaml to exclude build and platform directories.
